../Core/Src/main.c:163:6:ResetToHomePosition	16	static
../Core/Src/main.c:217:6:HAL_GPIO_EXTI_Callback	16	static
../Core/Src/main.c:239:6:InitMotorState	16	static
../Core/Src/main.c:248:6:MoveToOriginAndHold	8	static
../Core/Src/main.c:260:6:setMotorVel	24	static
../Core/Src/main.c:276:6:HAL_TIM_PeriodElapsedCallback	16	static
../Core/Src/main.c:290:6:HAL_FDCAN_RxFifo0Callback	40	static
../Core/Src/main.c:328:7:rpm_to_signed	16	static
../Core/Src/main.c:336:5:to_mechanical_angle	16	static
../Core/Src/main.c:341:6:HAL_FDCAN_RxFifo1Callback	72	static
../Core/Src/main.c:374:13:ARM_Position_PID_Init	40	static
../Core/Src/main.c:396:13:ARM_Position_PID_Cycle	16	static
../Core/Src/main.c:432:5:_write	24	static
../Core/Src/main.c:444:5:main	8	static
../Core/Src/main.c:508:6:SystemClock_Config	88	static
../Core/Src/main.c:555:13:MX_FDCAN1_Init	40	static
../Core/Src/main.c:629:13:MX_FDCAN3_Init	40	static
../Core/Src/main.c:704:13:MX_LPUART1_UART_Init	8	static
../Core/Src/main.c:751:13:MX_TIM6_Init	24	static
../Core/Src/main.c:789:13:MX_TIM7_Init	24	static
../Core/Src/main.c:827:13:MX_GPIO_Init	40	static
../Core/Src/main.c:882:6:Error_Handler	8	static,ignoring_inline_asm
